// Jest Snapshot v1, https://goo.gl/fbAQLP

exports[`About page matches snapshot 1`] = `
<DocumentFragment>
  <div
    class="flex flex-col justify-center items-center bg-app xl:mx-40 xl:my-20"
  >
    <header>
      <h1>
        Title
      </h1>
      <nav>
        <a
          class="inline-block p-4"
          href="/"
        >
          Home
        </a>
        <a
          class="inline-block p-4"
          href="/about"
        >
          About
        </a>
      </nav>
    </header>
    <main
      class=""
    >
      About
    </main>
    <footer
      class="flex flex-col items-center text-sm p-4"
    >
      <ul
        class="flex flex-col items-center w-full justify-between sm:flex-row"
      >
        <li
          class="mt-4 sm:mt-0 sm:ml-4"
        >
          <a
            href="/"
          >
            ホーム
          </a>
        </li>
        <li
          class="mt-4 sm:mt-0 sm:ml-4"
        >
          <a
            href="/profile"
          >
            運営者
          </a>
        </li>
        <li
          class="mt-4 sm:mt-0 sm:ml-4"
        >
          <a
            href="/works"
          >
            作品
          </a>
        </li>
        <li
          class="mt-4 sm:mt-0 sm:ml-4"
        >
          <a
            href="/contact"
          >
            お問い合わせ
          </a>
        </li>
      </ul>
      <p
        class="uppercase mt-8"
      >
        © 2021 moyong-dev
      </p>
    </footer>
  </div>
</DocumentFragment>
`;
